
  .   ____          _            __ _ _
 /\\ / ___'_ __ _ _(_)_ __  __ _ \ \ \ \
( ( )\___ | '_ | '_| | '_ \/ _` | \ \ \ \
 \\/  ___)| |_)| | | | | || (_| |  ) ) ) )
  '  |____| .__|_| |_|_| |_\__, | / / / /
 =========|_|==============|___/=/_/_/_/

 :: Spring Boot ::                (v4.0.6)

2026-06-04T15:38:02.246+05:30  INFO 2596 --- [EUREKA-SERVER] [           main] c.p.e.EurekaserverApplication            : Starting EurekaserverApplication v0.0.1-SNAPSHOT using Java 21.0.11 with PID 2596 (C:\Users\alugo\OneDrive\Desktop\playstore\eurekaserver\target\eurekaserver-0.0.1-SNAPSHOT.jar started by alugo in C:\Users\alugo\OneDrive\Desktop\playstore)
2026-06-04T15:38:02.263+05:30  INFO 2596 --- [EUREKA-SERVER] [           main] c.p.e.EurekaserverApplication            : No active profile set, falling back to 1 default profile: "default"
2026-06-04T15:38:06.766+05:30  INFO 2596 --- [EUREKA-SERVER] [           main] o.s.cloud.context.scope.GenericScope     : BeanFactory id=311b4834-7374-3033-b98c-5a719135137c
2026-06-04T15:38:07.943+05:30  INFO 2596 --- [EUREKA-SERVER] [           main] o.s.boot.tomcat.TomcatWebServer          : Tomcat initialized with port 8761 (http)
2026-06-04T15:38:07.993+05:30  INFO 2596 --- [EUREKA-SERVER] [           main] o.apache.catalina.core.StandardService   : Starting service [Tomcat]
2026-06-04T15:38:07.995+05:30  INFO 2596 --- [EUREKA-SERVER] [           main] o.apache.catalina.core.StandardEngine    : Starting Servlet engine: [Apache Tomcat/11.0.21]
2026-06-04T15:38:08.109+05:30  INFO 2596 --- [EUREKA-SERVER] [           main] b.w.c.s.WebApplicationContextInitializer : Root WebApplicationContext: initialization completed in 5642 ms
2026-06-04T15:38:12.332+05:30  INFO 2596 --- [EUREKA-SERVER] [           main] c.n.d.provider.DiscoveryJerseyProvider   : Using JSON encoding codec LegacyJacksonJson
2026-06-04T15:38:12.333+05:30  INFO 2596 --- [EUREKA-SERVER] [           main] c.n.d.provider.DiscoveryJerseyProvider   : Using JSON decoding codec LegacyJacksonJson
2026-06-04T15:38:13.302+05:30  INFO 2596 --- [EUREKA-SERVER] [           main] c.n.d.provider.DiscoveryJerseyProvider   : Using XML encoding codec XStreamXml
2026-06-04T15:38:13.302+05:30  INFO 2596 --- [EUREKA-SERVER] [           main] c.n.d.provider.DiscoveryJerseyProvider   : Using XML decoding codec XStreamXml
2026-06-04T15:38:14.116+05:30  INFO 2596 --- [EUREKA-SERVER] [           main] o.s.v.b.OptionalValidatorFactoryBean     : Failed to set up a Bean Validation provider: jakarta.validation.NoProviderFoundException: Unable to create a Configuration, because no Jakarta Validation provider could be found. Add a provider like Hibernate Validator (RI) to your classpath.
2026-06-04T15:38:17.230+05:30  INFO 2596 --- [EUREKA-SERVER] [           main] o.s.cloud.commons.util.InetUtils         : Cannot determine local hostname
2026-06-04T15:38:19.723+05:30  INFO 2596 --- [EUREKA-SERVER] [           main] o.s.cloud.commons.util.InetUtils         : Cannot determine local hostname
2026-06-04T15:38:19.917+05:30  WARN 2596 --- [EUREKA-SERVER] [           main] iguration$LoadBalancerCaffeineWarnLogger : Spring Cloud LoadBalancer is currently working with the default cache. While this cache implementation is useful for development and tests, it's recommended to use Caffeine cache in production.You can switch to using Caffeine cache, by adding it and org.springframework.cache.caffeine.CaffeineCacheManager to the classpath.
2026-06-04T15:38:20.018+05:30  INFO 2596 --- [EUREKA-SERVER] [           main] o.s.c.n.eureka.InstanceInfoFactory       : Setting initial instance status as: STARTING
2026-06-04T15:38:20.123+05:30  INFO 2596 --- [EUREKA-SERVER] [           main] com.netflix.discovery.DiscoveryClient    : Initializing Eureka in region us-east-1
2026-06-04T15:38:20.124+05:30  INFO 2596 --- [EUREKA-SERVER] [           main] com.netflix.discovery.DiscoveryClient    : Client configured to neither register nor query for data.
2026-06-04T15:38:20.137+05:30  INFO 2596 --- [EUREKA-SERVER] [           main] com.netflix.discovery.DiscoveryClient    : Discovery Client initialized at timestamp 1780567700135 with initial instances count: 0
2026-06-04T15:38:20.424+05:30  INFO 2596 --- [EUREKA-SERVER] [           main] c.n.eureka.DefaultEurekaServerContext    : Initializing ...
2026-06-04T15:38:20.434+05:30  WARN 2596 --- [EUREKA-SERVER] [           main] c.n.eureka.cluster.PeerEurekaNodes       : The replica size seems to be empty. Check the route 53 DNS Registry
2026-06-04T15:38:20.526+05:30  INFO 2596 --- [EUREKA-SERVER] [           main] c.n.e.registry.AbstractInstanceRegistry  : Finished initializing remote region registries. All known remote regions: []
2026-06-04T15:38:20.530+05:30  INFO 2596 --- [EUREKA-SERVER] [           main] c.n.eureka.DefaultEurekaServerContext    : Initialized
2026-06-04T15:38:20.590+05:30  INFO 2596 --- [EUREKA-SERVER] [           main] o.s.b.a.e.web.EndpointLinksResolver      : Exposing 1 endpoint beneath base path '/actuator'
2026-06-04T15:38:21.082+05:30  INFO 2596 --- [EUREKA-SERVER] [           main] o.s.c.n.e.s.EurekaServiceRegistry        : Registering application EUREKA-SERVER with eureka with status UP
2026-06-04T15:38:21.122+05:30  INFO 2596 --- [EUREKA-SERVER] [      Thread-10] o.s.c.n.e.server.EurekaServerBootstrap   : isAws returned false
2026-06-04T15:38:21.124+05:30  INFO 2596 --- [EUREKA-SERVER] [      Thread-10] o.s.c.n.e.server.EurekaServerBootstrap   : Initialized server context
2026-06-04T15:38:21.129+05:30  INFO 2596 --- [EUREKA-SERVER] [      Thread-10] c.n.e.r.PeerAwareInstanceRegistryImpl    : Got 1 instances from neighboring DS node
2026-06-04T15:38:21.131+05:30  INFO 2596 --- [EUREKA-SERVER] [      Thread-10] c.n.e.r.PeerAwareInstanceRegistryImpl    : Renew threshold is: 1
2026-06-04T15:38:21.132+05:30  INFO 2596 --- [EUREKA-SERVER] [      Thread-10] c.n.e.r.PeerAwareInstanceRegistryImpl    : Changing status to UP
2026-06-04T15:38:21.138+05:30  INFO 2596 --- [EUREKA-SERVER] [      Thread-10] e.s.EurekaServerInitializerConfiguration : Started Eureka Server
2026-06-04T15:38:21.150+05:30  INFO 2596 --- [EUREKA-SERVER] [           main] o.s.c.n.e.s.EurekaServiceRegistry        : Unregistering application EUREKA-SERVER with eureka with status DOWN
2026-06-04T15:38:21.155+05:30  INFO 2596 --- [EUREKA-SERVER] [           main] o.s.c.n.e.server.EurekaServerBootstrap   : Shutting down Eureka Server..
2026-06-04T15:38:21.162+05:30  INFO 2596 --- [EUREKA-SERVER] [           main] c.n.eureka.DefaultEurekaServerContext    : Shutting down ...
2026-06-04T15:38:21.164+05:30  INFO 2596 --- [EUREKA-SERVER] [           main] c.n.eureka.DefaultEurekaServerContext    : Shut down
2026-06-04T15:38:21.171+05:30  INFO 2596 --- [EUREKA-SERVER] [           main] o.s.c.n.e.server.EurekaServerBootstrap   : Eureka Service is now shutdown...
2026-06-04T15:38:21.172+05:30  WARN 2596 --- [EUREKA-SERVER] [           main] ConfigServletWebServerApplicationContext : Exception encountered during context initialization - cancelling refresh attempt: org.springframework.context.ApplicationContextException: Failed to start bean 'webServerStartStop'
2026-06-04T15:38:21.174+05:30  INFO 2596 --- [EUREKA-SERVER] [           main] c.n.eureka.DefaultEurekaServerContext    : Shutting down ...
2026-06-04T15:38:21.178+05:30  INFO 2596 --- [EUREKA-SERVER] [           main] c.n.eureka.DefaultEurekaServerContext    : Shut down
2026-06-04T15:38:21.194+05:30  INFO 2596 --- [EUREKA-SERVER] [           main] com.netflix.discovery.DiscoveryClient    : Shutting down DiscoveryClient ...
2026-06-04T15:38:21.194+05:30  INFO 2596 --- [EUREKA-SERVER] [           main] com.netflix.discovery.DiscoveryClient    : Completed shut down of DiscoveryClient
2026-06-04T15:38:21.265+05:30  INFO 2596 --- [EUREKA-SERVER] [           main] .s.b.a.l.ConditionEvaluationReportLogger : 

Error starting ApplicationContext. To display the condition evaluation report re-run your application with 'debug' enabled.
2026-06-04T15:38:21.333+05:30 ERROR 2596 --- [EUREKA-SERVER] [           main] o.s.b.d.LoggingFailureAnalysisReporter   : 

***************************
APPLICATION FAILED TO START
***************************

Description:

Web server failed to start. Port 8761 was already in use.

Action:

Identify and stop the process that's listening on port 8761 or configure this application to listen on another port.

